fn sum {
    let _0: i32; // return slot
    let _1: Point*; // parameter this
    let _2: i32;

    bb0:
        _2 = copy (*_1).x + copy (*_1).y
        _0 = copy _2
        return
}
fn shift {
    let _0: void; // return slot
    let _1: Point*; // parameter this
    let _2: i32; // parameter by
    let _3: i32;

    bb0:
        _3 = copy (*_1).x + copy _2
        (*_1).x = copy _3
        return
}
fn shift_twice {
    let _0: void; // return slot
    let _1: Point*; // parameter this
    let _2: i32; // parameter by
    let _3: void;
    let _4: void;

    bb0:
        _3 = call shift(copy _1, copy _2)
        _4 = call shift(copy _1, copy _2)
        return
}
fn through_a_pointer {
    let _0: i32; // return slot
    let _1: Point*; // parameter p
    let _2: i32;

    bb0:
        _2 = call sum(copy _1)
        _0 = copy _2
        return
}
fn main {
    let _0: i32; // return slot
    let _1: Point; // p
    let _2: Point;
    let _3: Point*;
    let _4: void;
    let _5: Point*;
    let _6: i32;

    bb0:
        storage_live _1
        _2.x = const 1
        _2.y = const 2
        _1 = copy _2
        _3 = &_1
        _4 = call shift(copy _3, const 10)
        _5 = &_1
        _6 = call sum(copy _5)
        _0 = copy _6
        storage_dead _1
        return
}
