#include <stdint.h>
#include <stdbool.h>
#include <stddef.h>

int32_t kl_counter_2 = 1;
uint8_t kl_small_5 = 200;
double kl_ratio_8 = 1.5;
bool kl_ready_11 = true;
int32_t kl_below_15 = -( 1 );
int32_t kl_blank_17;
int32_t kl_later_20 = 7;
int32_t kl_seconds_per_hour_25 = ( (int32_t) 60 * (int32_t) 60 );
int32_t kl_precedence_32 = ( (int32_t) 1 + (int32_t) ( (int32_t) 2 * (int32_t) 3 ) );
int32_t kl_grouped_39 = ( (int32_t) ( (int32_t) 1 + (int32_t) 2 ) * (int32_t) 3 );
uint8_t kl_masked_44 = ( (uint8_t) 255 & (uint8_t) 15 );
uint32_t kl_shifted_49 = ( (uint32_t) 1 << (uint32_t) 4 );
int32_t kl_flipped_53 = ~( 0 );
int32_t kl_negated_59 = -( ( (int32_t) 3 * (int32_t) 3 ) );
int32_t kl_remainder_64 = ( (int32_t) 7 % (int32_t) 3 );
double kl_scaled_69 = ( (double) 1.5 * (double) 2.0 );
bool kl_compared_74 = ( (int32_t) 1 < (int32_t) 2 );
uint32_t kl_all_ones_81 = ( (uint32_t) ( (int32_t) 0 - (int32_t) 1 ) );

int32_t kl__read_counter__( void );
void kl__bump__( void );
int32_t kl__read_later__( void );
int32_t* kl__address_of_counter__( void );
int32_t kl__shadowed__i32( int32_t );
int32_t kl__main__( void );

int32_t kl__read_counter__( void )
{
#line 42 "codegen/globals.kl"
    return kl_counter_2;
}

void kl__bump__( void )
{
#line 48 "codegen/globals.kl"
    int32_t kl_t0 = (int32_t) kl_counter_2 + (int32_t) 1;
    kl_counter_2 = (int32_t) kl_t0;
}

int32_t kl__read_later__( void )
{
#line 53 "codegen/globals.kl"
    return kl_later_20;
}

int32_t* kl__address_of_counter__( void )
{
#line 60 "codegen/globals.kl"
    int32_t* kl_t0 = &kl_counter_2;
    return kl_t0;
}

int32_t kl__shadowed__i32( int32_t kl_counter_111 )
{
#line 66 "codegen/globals.kl"
    return kl_counter_111;
}

int32_t kl__main__( void )
{
#line 71 "codegen/globals.kl"
    bool kl_t0 = (int32_t) kl_counter_2 != (int32_t) 1;
    if ( kl_t0 )
    {
        return 1;
    }
#line 72 "codegen/globals.kl"
    bool kl_t1 = (uint8_t) kl_small_5 != (uint8_t) 200;
    if ( kl_t1 )
    {
        return 2;
    }
#line 73 "codegen/globals.kl"
    bool kl_t2 = (double) kl_ratio_8 != (double) 1.5;
    if ( kl_t2 )
    {
        return 3;
    }
#line 74 "codegen/globals.kl"
    bool kl_t3 = (bool) !kl_ready_11;
    if ( kl_t3 )
    {
        return 4;
    }
#line 75 "codegen/globals.kl"
    int32_t kl_t4 = (int32_t) -1;
    bool kl_t5 = (int32_t) kl_below_15 != (int32_t) kl_t4;
    if ( kl_t5 )
    {
        return 5;
    }
#line 76 "codegen/globals.kl"
    bool kl_t6 = (int32_t) kl_blank_17 != (int32_t) 0;
    if ( kl_t6 )
    {
        return 6;
    }
#line 77 "codegen/globals.kl"
    bool kl_t7 = (int32_t) kl_later_20 != (int32_t) 7;
    if ( kl_t7 )
    {
        return 7;
    }
#line 79 "codegen/globals.kl"
    int32_t kl_t8 = kl__read_counter__(  );
    bool kl_t9 = (int32_t) kl_t8 != (int32_t) 1;
    if ( kl_t9 )
    {
        return 8;
    }
#line 80 "codegen/globals.kl"
    int32_t kl_t10 = kl__read_later__(  );
    bool kl_t11 = (int32_t) kl_t10 != (int32_t) 7;
    if ( kl_t11 )
    {
        return 9;
    }
#line 83 "codegen/globals.kl"
    kl__bump__(  );
#line 84 "codegen/globals.kl"
    bool kl_t12 = (int32_t) kl_counter_2 != (int32_t) 2;
    if ( kl_t12 )
    {
        return 10;
    }
#line 85 "codegen/globals.kl"
    int32_t kl_t13 = kl__read_counter__(  );
    bool kl_t14 = (int32_t) kl_t13 != (int32_t) 2;
    if ( kl_t14 )
    {
        return 11;
    }
#line 87 "codegen/globals.kl"
    kl__bump__(  );
#line 88 "codegen/globals.kl"
    kl__bump__(  );
#line 89 "codegen/globals.kl"
    bool kl_t15 = (int32_t) kl_counter_2 != (int32_t) 4;
    if ( kl_t15 )
    {
        return 12;
    }
#line 92 "codegen/globals.kl"
    kl_counter_2 = (int32_t) 10;
#line 93 "codegen/globals.kl"
    int32_t kl_t16 = kl__read_counter__(  );
    bool kl_t17 = (int32_t) kl_t16 != (int32_t) 10;
    if ( kl_t17 )
    {
        return 13;
    }
#line 97 "codegen/globals.kl"
    int32_t* kl_t18 = kl__address_of_counter__(  );
    ( *kl_t18 ) = (int32_t) 20;
#line 98 "codegen/globals.kl"
    bool kl_t19 = (int32_t) kl_counter_2 != (int32_t) 20;
    if ( kl_t19 )
    {
        return 14;
    }
#line 100 "codegen/globals.kl"
    int32_t* kl_t20 = kl__address_of_counter__(  );
    int32_t* kl_held_251 = kl_t20;
#line 102 "codegen/globals.kl"
    ( *kl_held_251 ) = (int32_t) 30;
#line 103 "codegen/globals.kl"
    bool kl_t21 = (int32_t) kl_counter_2 != (int32_t) 30;
    if ( kl_t21 )
    {
        return 15;
    }
#line 104 "codegen/globals.kl"
    int32_t kl_t22 = *kl_held_251;
    bool kl_t23 = (int32_t) kl_t22 != (int32_t) 30;
    if ( kl_t23 )
    {
        return 16;
    }
#line 107 "codegen/globals.kl"
    int32_t kl_shadow_check_273 = 0;
#line 109 "codegen/globals.kl"
    {
#line 110 "codegen/globals.kl"
        int32_t kl_counter_276 = 99;
#line 111 "codegen/globals.kl"
        kl_shadow_check_273 = (int32_t) kl_counter_276;
    }
#line 114 "codegen/globals.kl"
    bool kl_t24 = (int32_t) kl_shadow_check_273 != (int32_t) 99;
    if ( kl_t24 )
    {
        return 17;
    }
#line 115 "codegen/globals.kl"
    bool kl_t25 = (int32_t) kl_counter_2 != (int32_t) 30;
    if ( kl_t25 )
    {
        return 18;
    }
#line 118 "codegen/globals.kl"
    int32_t kl_t26 = kl__shadowed__i32( (int32_t) 5 );
    bool kl_t27 = (int32_t) kl_t26 != (int32_t) 5;
    if ( kl_t27 )
    {
        return 19;
    }
#line 119 "codegen/globals.kl"
    bool kl_t28 = (int32_t) kl_counter_2 != (int32_t) 30;
    if ( kl_t28 )
    {
        return 20;
    }
#line 122 "codegen/globals.kl"
    kl_small_5 = (uint8_t) 255;
#line 123 "codegen/globals.kl"
    bool kl_t29 = (uint8_t) kl_small_5 != (uint8_t) 255;
    if ( kl_t29 )
    {
        return 21;
    }
#line 125 "codegen/globals.kl"
    kl_ready_11 = (bool) false;
#line 126 "codegen/globals.kl"
    if ( kl_ready_11 )
    {
        return 22;
    }
#line 128 "codegen/globals.kl"
    kl_ratio_8 = (double) 2.5;
#line 129 "codegen/globals.kl"
    bool kl_t30 = (double) kl_ratio_8 != (double) 2.5;
    if ( kl_t30 )
    {
        return 23;
    }
#line 132 "codegen/globals.kl"
    bool kl_t31 = (int32_t) kl_seconds_per_hour_25 != (int32_t) 3600;
    if ( kl_t31 )
    {
        return 24;
    }
#line 133 "codegen/globals.kl"
    bool kl_t32 = (int32_t) kl_precedence_32 != (int32_t) 7;
    if ( kl_t32 )
    {
        return 25;
    }
#line 134 "codegen/globals.kl"
    bool kl_t33 = (int32_t) kl_grouped_39 != (int32_t) 9;
    if ( kl_t33 )
    {
        return 26;
    }
#line 135 "codegen/globals.kl"
    bool kl_t34 = (uint8_t) kl_masked_44 != (uint8_t) 15;
    if ( kl_t34 )
    {
        return 27;
    }
#line 136 "codegen/globals.kl"
    bool kl_t35 = (uint32_t) kl_shifted_49 != (uint32_t) 16;
    if ( kl_t35 )
    {
        return 28;
    }
#line 137 "codegen/globals.kl"
    int32_t kl_t36 = (int32_t) -1;
    bool kl_t37 = (int32_t) kl_flipped_53 != (int32_t) kl_t36;
    if ( kl_t37 )
    {
        return 29;
    }
#line 138 "codegen/globals.kl"
    int32_t kl_t38 = (int32_t) -9;
    bool kl_t39 = (int32_t) kl_negated_59 != (int32_t) kl_t38;
    if ( kl_t39 )
    {
        return 30;
    }
#line 139 "codegen/globals.kl"
    bool kl_t40 = (int32_t) kl_remainder_64 != (int32_t) 1;
    if ( kl_t40 )
    {
        return 31;
    }
#line 140 "codegen/globals.kl"
    bool kl_t41 = (double) kl_scaled_69 != (double) 3.0;
    if ( kl_t41 )
    {
        return 32;
    }
#line 141 "codegen/globals.kl"
    bool kl_t42 = (bool) !kl_compared_74;
    if ( kl_t42 )
    {
        return 33;
    }
#line 142 "codegen/globals.kl"
    bool kl_t43 = (uint32_t) kl_all_ones_81 != (uint32_t) 4294967295;
    if ( kl_t43 )
    {
        return 34;
    }
#line 145 "codegen/globals.kl"
    kl_seconds_per_hour_25 = (int32_t) 1;
#line 146 "codegen/globals.kl"
    bool kl_t44 = (int32_t) kl_seconds_per_hour_25 != (int32_t) 1;
    if ( kl_t44 )
    {
        return 35;
    }
#line 148 "codegen/globals.kl"
    return 0;
}

int main( void )
{
    return (int) kl__main__();
}
