#include <stdint.h>
#include <stdbool.h>
#include <stddef.h>

struct kl__Point;
struct kl__Cell;

struct kl__Point
{
    double kl_x_1;
    double kl_y_3;
};

struct kl__Cell
{
    int32_t kl_n_6;
};

int32_t kl__read__i32p( int32_t* );
void kl__bump__i32p( int32_t* );
int32_t kl__main__( void );

int32_t kl__read__i32p( int32_t* kl_q_11 )
{
#line 6 "codegen/pointers.kl"
    int32_t kl_t0 = *kl_q_11;
    return kl_t0;
}

void kl__bump__i32p( int32_t* kl_q_21 )
{
#line 8 "codegen/pointers.kl"
    int32_t kl_t0 = *kl_q_21;
    int32_t kl_t1 = (int32_t) kl_t0 + (int32_t) 1;
    ( *kl_q_21 ) = (int32_t) kl_t1;
}

int32_t kl__main__( void )
{
#line 12 "codegen/pointers.kl"
    int32_t kl_v_36 = 41;
#line 13 "codegen/pointers.kl"
    int32_t* kl_t0 = &kl_v_36;
    int32_t* kl_q_41 = kl_t0;
#line 15 "codegen/pointers.kl"
    int32_t kl_t1 = *kl_q_41;
    bool kl_t2 = (int32_t) kl_t1 != (int32_t) 41;
    if ( kl_t2 )
    {
        return 1;
    }
#line 16 "codegen/pointers.kl"
    int32_t kl_t3 = kl__read__i32p( (int32_t*) kl_q_41 );
    bool kl_t4 = (int32_t) kl_t3 != (int32_t) 41;
    if ( kl_t4 )
    {
        return 2;
    }
#line 18 "codegen/pointers.kl"
    kl__bump__i32p( (int32_t*) kl_q_41 );
#line 19 "codegen/pointers.kl"
    bool kl_t5 = (int32_t) kl_v_36 != (int32_t) 42;
    if ( kl_t5 )
    {
        return 3;
    }
#line 21 "codegen/pointers.kl"
    ( *kl_q_41 ) = (int32_t) 7;
#line 22 "codegen/pointers.kl"
    bool kl_t6 = (int32_t) kl_v_36 != (int32_t) 7;
    if ( kl_t6 )
    {
        return 4;
    }
#line 24 "codegen/pointers.kl"
    int32_t** kl_t7 = &kl_q_41;
    int32_t** kl_r_88 = kl_t7;
#line 25 "codegen/pointers.kl"
    int32_t* kl_t8 = *kl_r_88;
    int32_t kl_t9 = *kl_t8;
    bool kl_t10 = (int32_t) kl_t9 != (int32_t) 7;
    if ( kl_t10 )
    {
        return 5;
    }
#line 27 "codegen/pointers.kl"
    struct kl__Point kl_t11;
    kl_t11.kl_x_1 = 1.0;
    kl_t11.kl_y_3 = 2.0;
    struct kl__Point kl_s_103 = kl_t11;
#line 28 "codegen/pointers.kl"
    double* kl_t12 = &kl_s_103.kl_y_3;
    double* kl_f_109 = kl_t12;
#line 29 "codegen/pointers.kl"
    ( *kl_f_109 ) = (double) 9.0;
#line 30 "codegen/pointers.kl"
    double kl_t13 = kl_s_103.kl_y_3;
    bool kl_t14 = (double) kl_t13 != (double) 9.0;
    if ( kl_t14 )
    {
        return 6;
    }
#line 32 "codegen/pointers.kl"
    int32_t* kl_n_125 = NULL;
#line 33 "codegen/pointers.kl"
    bool kl_t15 = (int32_t*) kl_n_125 != (int32_t*) NULL;
    if ( kl_t15 )
    {
        return 7;
    }
#line 37 "codegen/pointers.kl"
    struct kl__Point* kl_t16 = &kl_s_103;
    struct kl__Point* kl_p_137 = kl_t16;
#line 38 "codegen/pointers.kl"
    ( *kl_p_137 ).kl_x_1 = (double) 3.0;
#line 39 "codegen/pointers.kl"
    double kl_t17 = kl_s_103.kl_x_1;
    bool kl_t18 = (double) kl_t17 != (double) 3.0;
    if ( kl_t18 )
    {
        return 8;
    }
#line 42 "codegen/pointers.kl"
    struct kl__Point kl_t19 = *kl_p_137;
    double kl_t20 = kl_t19.kl_x_1;
    double kl_t21 = (double) kl_t20 + (double) 1.0;
    ( *kl_p_137 ).kl_x_1 = (double) kl_t21;
#line 43 "codegen/pointers.kl"
    double kl_t22 = kl_s_103.kl_x_1;
    bool kl_t23 = (double) kl_t22 != (double) 4.0;
    if ( kl_t23 )
    {
        return 9;
    }
#line 46 "codegen/pointers.kl"
    struct kl__Cell kl_t24;
    kl_t24.kl_n_6 = 10;
    struct kl__Cell kl_c_172 = kl_t24;
#line 47 "codegen/pointers.kl"
    struct kl__Cell* kl_t25 = &kl_c_172;
    struct kl__Cell* kl_d_177 = kl_t25;
#line 48 "codegen/pointers.kl"
    int32_t kl_t26 = (int32_t) ( *kl_d_177 ).kl_n_6 + (int32_t) 5;
    ( *kl_d_177 ).kl_n_6 = (int32_t) kl_t26;
#line 49 "codegen/pointers.kl"
    int32_t kl_t27 = kl_c_172.kl_n_6;
    bool kl_t28 = (int32_t) kl_t27 != (int32_t) 15;
    if ( kl_t28 )
    {
        return 10;
    }
#line 51 "codegen/pointers.kl"
    ( *kl_d_177 ).kl_n_6 = (int32_t) ( ( *kl_d_177 ).kl_n_6 + 1 );
#line 52 "codegen/pointers.kl"
    int32_t kl_t29 = kl_c_172.kl_n_6;
    bool kl_t30 = (int32_t) kl_t29 != (int32_t) 16;
    if ( kl_t30 )
    {
        return 11;
    }
#line 54 "codegen/pointers.kl"
    return 0;
}

int main( void )
{
    return (int) kl__main__();
}
