Source_file                             9:1-41:1
  Function_decl                         9:1-12:2    name=add
    Named_type                          9:1-9:4     "i32"
    Param_list                          9:8-9:24
      Param_decl                        9:10-9:15   name=a
        Named_type                      9:10-9:13   "i32"
      Param_decl                        9:17-9:22   name=b
        Named_type                      9:17-9:20   "i32"
    Block                               10:1-12:2
      Return_stmt                       11:5-11:18
        Binary_expr                     11:12-11:17 op=+
          Name_expr                     11:12-11:13 "a"
          Name_expr                     11:16-11:17 "b"
    <none>                              -
  Function_decl                         14:1-22:2   name=fib
    Named_type                          14:1-14:4   "i32"
    Param_list                          14:8-14:17
      Param_decl                        14:10-14:15 name=n
        Named_type                      14:10-14:13 "i32"
    Block                               15:1-22:2
      If_stmt                           16:5-19:6
        Binary_expr                     16:9-16:14  op=<
          Name_expr                     16:9-16:10  "n"
          Int_literal                   16:13-16:14 "2"
        Block                           17:5-19:6
          Return_stmt                   18:9-18:18
            Name_expr                   18:16-18:17 "n"
        <none>                          -
      Return_stmt                       21:5-21:46
        Call_expr                       21:12-21:45
          Name_expr                     21:12-21:15 "add"
          Arg_list                      21:15-21:45
            Call_expr                   21:17-21:29
              Name_expr                 21:17-21:20 "fib"
              Arg_list                  21:20-21:29
                Binary_expr             21:22-21:27 op=-
                  Name_expr             21:22-21:23 "n"
                  Int_literal           21:26-21:27 "1"
              <none>                    -
            Call_expr                   21:31-21:43
              Name_expr                 21:31-21:34 "fib"
              Arg_list                  21:34-21:43
                Binary_expr             21:36-21:41 op=-
                  Name_expr             21:36-21:37 "n"
                  Int_literal           21:40-21:41 "2"
              <none>                    -
          <none>                        -
    <none>                              -
  Function_decl                         24:1-40:2   name=main
    Named_type                          24:1-24:4   "i32"
    Param_list                          24:9-24:11  "()"
    Block                               25:1-40:2
      Var_decl                          26:5-26:26  name=x
        <none>                          -
        Call_expr                       26:14-26:25
          Name_expr                     26:14-26:17 "add"
          Arg_list                      26:17-26:25
            Int_literal                 26:19-26:20 "1"
            Int_literal                 26:22-26:23 "2"
          <none>                        -
      Var_decl                          27:5-27:16  name=y
        Named_type                      27:5-27:8   "i32"
        Int_literal                     27:14-27:15 "0"
      While_stmt                        29:5-32:6
        Binary_expr                     29:12-29:17 op=<
          Name_expr                     29:12-29:13 "y"
          Name_expr                     29:16-29:17 "x"
        Block                           30:5-32:6
          Assign_stmt                   31:9-31:19  op==
            Name_expr                   31:9-31:10  "y"
            Binary_expr                 31:13-31:18 op=+
              Name_expr                 31:13-31:14 "y"
              Int_literal               31:17-31:18 "1"
      For_stmt                          34:5-37:6
        Var_decl                        34:10-34:20 name=i
          Named_type                    34:10-34:13 "i32"
          Int_literal                   34:18-34:19 "0"
        Binary_expr                     34:21-34:26 op=<
          Name_expr                     34:21-34:22 "i"
          Int_literal                   34:25-34:26 "3"
        Increment_stmt                  34:28-34:31 op=++
          Name_expr                     34:28-34:29 "i"
        Block                           35:5-37:6
          Assign_stmt                   36:9-36:19  op==
            Name_expr                   36:9-36:10  "y"
            Binary_expr                 36:13-36:18 op=+
              Name_expr                 36:13-36:14 "y"
              Name_expr                 36:17-36:18 "i"
      Return_stmt                       39:5-39:25
        Binary_expr                     39:12-39:24 op=-
          Call_expr                     39:12-39:20
            Name_expr                   39:12-39:15 "fib"
            Arg_list                    39:15-39:20
              Name_expr                 39:17-39:18 "y"
            <none>                      -
          Int_literal                   39:23-39:24 "8"
    <none>                              -
