#include <stdint.h>
#include <stdbool.h>
#include <stddef.h>

#include "borrow_after_refill.kl.prelude.c"

struct kl__Counted;

struct kl__Counted
{
    uint64_t kl_n_4;
};

int32_t kl_alive_2 = 0;

void kl__Counted__R7Counted_3u64__ctor( struct kl__Counted*, uint64_t );
void kl__Counted__dtor( struct kl__Counted* );
void kl__take__M7Counted( struct kl__Counted );
uint64_t kl__look__7Counted( struct kl__Counted* );
uint64_t kl__refill__( void );
uint64_t kl__one_path__4bool( bool );
int32_t kl__main__( void );

void kl__Counted__R7Counted_3u64__ctor( struct kl__Counted* kl_this_1, uint64_t kl_v_2 )
{
#line 11 "codegen/borrow_after_refill.kl"
    ( *kl_this_1 ).kl_n_4 = kl_v_2;
#line 12 "codegen/borrow_after_refill.kl"
    kl_alive_2 = kl_alive_2 + 1;
    return;
}

void kl__Counted__dtor( struct kl__Counted* kl_this_1 )
{
#line 17 "codegen/borrow_after_refill.kl"
    kl_alive_2 = kl_alive_2 - 1;
    return;
}

void kl__take__M7Counted( struct kl__Counted kl_c_1 )
{
#line 21 "codegen/borrow_after_refill.kl"
    kl__Counted__dtor( &kl_c_1 );
    return;
}

uint64_t kl__look__7Counted( struct kl__Counted* kl_c_1 )
{
    uint64_t kl_t0;
#line 27 "codegen/borrow_after_refill.kl"
    kl_t0 = ( *kl_c_1 ).kl_n_4;
    return kl_t0;
}

uint64_t kl__refill__( void )
{
    uint64_t kl_t0;
    struct kl__Counted kl_c_1;
    struct kl__Counted* kl_t2;
    struct kl__Counted kl_t5;
    struct kl__Counted* kl_t6;
    struct kl__Counted* kl_t8;
    uint64_t kl_t9;
    bool kl_t10;
    bool kl_t11;
#line 32 "codegen/borrow_after_refill.kl"
    kl_t10 = false;
#line 34 "codegen/borrow_after_refill.kl"
    kl_t11 = false;
#line 32 "codegen/borrow_after_refill.kl"
    kl_t10 = false;
    kl_t2 = &kl_c_1;
    kl_t10 = true;
    kl__Counted__R7Counted_3u64__ctor( kl_t2, 1 );
#line 33 "codegen/borrow_after_refill.kl"
    kl__take__M7Counted( kl_c_1 );
    kl_t10 = false;
#line 34 "codegen/borrow_after_refill.kl"
    kl_t11 = false;
    kl_t6 = &kl_t5;
    kl_t11 = true;
    kl__Counted__R7Counted_3u64__ctor( kl_t6, 2 );
    if ( kl_t10 ) kl__Counted__dtor( &kl_c_1 );
    kl_c_1 = kl_t5;
    kl_t11 = false;
    kl_t10 = true;
    if ( kl_t11 ) kl__Counted__dtor( &kl_t5 );
#line 35 "codegen/borrow_after_refill.kl"
    kl_t8 = &kl_c_1;
    kl_t9 = kl__look__7Counted( kl_t8 );
    kl_t0 = kl_t9;
    if ( kl_t10 ) kl__Counted__dtor( &kl_c_1 );
    kl_t10 = false;
    return kl_t0;
}

uint64_t kl__one_path__4bool( bool kl_moved_1 )
{
    uint64_t kl_t0;
    struct kl__Counted kl_c_2;
    struct kl__Counted* kl_t3;
    uint64_t kl_n_5;
    struct kl__Counted* kl_t7;
    uint64_t kl_t8;
    bool kl_t9;
#line 40 "codegen/borrow_after_refill.kl"
    kl_t9 = false;
    kl_t9 = false;
    kl_t3 = &kl_c_2;
    kl_t9 = true;
    kl__Counted__R7Counted_3u64__ctor( kl_t3, 3 );
#line 41 "codegen/borrow_after_refill.kl"
    kl_n_5 = 0;
    if ( kl_moved_1 ) goto bb1; else goto bb2;
    bb1:
#line 45 "codegen/borrow_after_refill.kl"
    kl__take__M7Counted( kl_c_2 );
    kl_t9 = false;
    goto bb3;
    bb2:
#line 49 "codegen/borrow_after_refill.kl"
    kl_t7 = &kl_c_2;
    kl_t8 = kl__look__7Counted( kl_t7 );
    kl_n_5 = kl_t8;
    goto bb3;
    bb3:
#line 52 "codegen/borrow_after_refill.kl"
    kl_t0 = kl_n_5;
    if ( kl_t9 ) kl__Counted__dtor( &kl_c_2 );
    kl_t9 = false;
    return kl_t0;
}

int32_t kl__main__( void )
{
    int32_t kl_t0;
    bool kl_t1;
    bool kl_t2;
    uint64_t kl_t3;
    bool kl_t4;
    uint64_t kl_t5;
    bool kl_t6;
    uint64_t kl_t7;
    bool kl_t8;
#line 57 "codegen/borrow_after_refill.kl"
    kl_t3 = kl__refill__(  );
    kl_t4 = kl_t3 != 2;
    kl_t2 = kl_t4;
    if ( kl_t2 ) goto bb2; else goto bb1;
    bb1:
    kl_t5 = kl__one_path__4bool( true );
    kl_t6 = kl_t5 != 0;
    kl_t2 = kl_t6;
    goto bb2;
    bb2:
    kl_t1 = kl_t2;
    if ( kl_t1 ) goto bb4; else goto bb3;
    bb3:
    kl_t7 = kl__one_path__4bool( false );
    kl_t8 = kl_t7 != 3;
    kl_t1 = kl_t8;
    goto bb4;
    bb4:
    if ( kl_t1 ) goto bb5; else goto bb6;
    bb5:
#line 59 "codegen/borrow_after_refill.kl"
    kl_t0 = 1;
    return kl_t0;
    bb6:
#line 62 "codegen/borrow_after_refill.kl"
    kl_t0 = kl_alive_2;
    return kl_t0;
}

int main( void )
{
    return (int) kl__main__();
}
