#include <stdint.h>
#include <stdbool.h>
#include <stddef.h>

struct kl__Box__I3f64E;
struct kl__Wrap__I3f64E;
struct kl__Opt__I3i32E;
struct kl__Opt__I3f64E;
struct kl__Opt__I6ColourE;
struct kl__Slot__I3i32E;
struct kl__Box__I3i32E;
struct kl__Wrap__I3i32E;
struct kl__Span2__I3i32_3f64E;

struct kl__Box__I3f64E
{
    double kl_v_5;
};

struct kl__Wrap__I3f64E
{
    int32_t tag;
    struct kl__Box__I3f64E kl_b_27;
};

struct kl__Opt__I3i32E
{
    int32_t tag;
    int32_t kl_v_16;
};

struct kl__Opt__I3f64E
{
    int32_t tag;
    double kl_v_16;
};

struct kl__Opt__I6ColourE
{
    int32_t tag;
    int32_t kl_v_16;
};

struct kl__Slot__I3i32E
{
    struct kl__Opt__I3i32E kl_value_38;
    int32_t kl_tag_40;
};

struct kl__Box__I3i32E
{
    int32_t kl_v_5;
};

struct kl__Wrap__I3i32E
{
    int32_t tag;
    struct kl__Box__I3i32E kl_b_27;
};

struct kl__Span2__I3i32_3f64E
{
    int32_t tag;
    int32_t kl_first_50;
    double kl_second_52;
};

int32_t kl__main__( void );
int32_t kl__unwrap__I3i32E__3OptI3i32E_3i32( struct kl__Opt__I3i32E, int32_t );
double kl__unwrap__I3f64E__3OptI3f64E_3f64( struct kl__Opt__I3f64E, double );

int32_t kl__main__( void )
{
    int32_t kl_t0;
    struct kl__Wrap__I3f64E kl_late_1;
    struct kl__Opt__I3i32E kl_a_2;
    struct kl__Opt__I3i32E kl_t3;
    struct kl__Opt__I3f64E kl_b_4;
    struct kl__Opt__I3f64E kl_t5;
    struct kl__Opt__I3i32E kl_empty_6;
    struct kl__Opt__I3i32E kl_t7;
    int32_t kl_t8;
    bool kl_t9;
    int32_t kl_t10;
    bool kl_t11;
    double kl_half_12;
    double kl_t13;
    bool kl_t14;
    bool kl_t15;
    struct kl__Opt__I6ColourE kl_tinted_16;
    struct kl__Opt__I6ColourE kl_t17;
    bool kl_t18;
    int32_t kl_c_19;
    bool kl_t20;
    struct kl__Slot__I3i32E kl_s_21;
    struct kl__Opt__I3i32E kl_t22;
    int32_t kl_t23;
    bool kl_t24;
    struct kl__Box__I3i32E kl_bx_25;
    struct kl__Wrap__I3i32E kl_w_26;
    struct kl__Wrap__I3i32E kl_t27;
    struct kl__Box__I3i32E kl_held_28;
    bool kl_t29;
    struct kl__Span2__I3i32_3f64E kl_pair_30;
    struct kl__Span2__I3i32_3f64E kl_t31;
    int32_t kl_first_32;
    double kl_second_33;
    bool kl_t34;
    bool kl_t35;
    int32_t kl_t36;
    int32_t kl_t37;
    int32_t kl_t38;
    int32_t kl_t39;
#line 68 "codegen/generics_enums.kl"
    kl_t3.tag = 1;
    kl_t3.kl_v_16 = 7;
    kl_a_2 = kl_t3;
#line 69 "codegen/generics_enums.kl"
    kl_t5.tag = 1;
    kl_t5.kl_v_16 = 0.5;
    kl_b_4 = kl_t5;
#line 70 "codegen/generics_enums.kl"
    kl_t7.tag = 0;
    kl_empty_6 = kl_t7;
#line 72 "codegen/generics_enums.kl"
    kl_t8 = kl__unwrap__I3i32E__3OptI3i32E_3i32( kl_a_2, 0 );
    kl_t9 = kl_t8 != 7;
    if ( kl_t9 ) goto bb1; else goto bb2;
    bb1:
#line 74 "codegen/generics_enums.kl"
    kl_t0 = 1;
    return kl_t0;
    bb2:
#line 77 "codegen/generics_enums.kl"
    kl_t10 = kl__unwrap__I3i32E__3OptI3i32E_3i32( kl_empty_6, 4 );
    kl_t11 = kl_t10 != 4;
    if ( kl_t11 ) goto bb3; else goto bb4;
    bb3:
#line 79 "codegen/generics_enums.kl"
    kl_t0 = 2;
    return kl_t0;
    bb4:
#line 82 "codegen/generics_enums.kl"
    kl_t13 = kl__unwrap__I3f64E__3OptI3f64E_3f64( kl_b_4, 0.0 );
    kl_half_12 = kl_t13;
#line 84 "codegen/generics_enums.kl"
    kl_t14 = kl_half_12 < 0.4;
    if ( kl_t14 ) goto bb5; else goto bb6;
    bb5:
#line 86 "codegen/generics_enums.kl"
    kl_t0 = 3;
    return kl_t0;
    bb6:
#line 89 "codegen/generics_enums.kl"
    kl_t15 = kl_half_12 > 0.6;
    if ( kl_t15 ) goto bb7; else goto bb8;
    bb7:
#line 91 "codegen/generics_enums.kl"
    kl_t0 = 4;
    return kl_t0;
    bb8:
#line 95 "codegen/generics_enums.kl"
    kl_t17.tag = 1;
    kl_t17.kl_v_16 = 1;
    kl_tinted_16 = kl_t17;
#line 99 "codegen/generics_enums.kl"
    kl_t18 = kl_tinted_16.tag == 1;
    if ( kl_t18 ) goto bb9; else goto bb10;
    bb9:
    kl_c_19 = kl_tinted_16.kl_v_16;
#line 100 "codegen/generics_enums.kl"
    kl_t20 = kl_c_19 != 1;
    if ( kl_t20 ) goto bb11; else goto bb12;
    bb10:
#line 107 "codegen/generics_enums.kl"
    kl_t0 = 6;
    return kl_t0;
    bb11:
#line 102 "codegen/generics_enums.kl"
    kl_t0 = 5;
    return kl_t0;
    bb12:
#line 112 "codegen/generics_enums.kl"
    kl_t22.tag = 1;
    kl_t22.kl_v_16 = 9;
    kl_s_21.kl_value_38 = kl_t22;
#line 113 "codegen/generics_enums.kl"
    kl_s_21.kl_tag_40 = 3;
#line 115 "codegen/generics_enums.kl"
    kl_t23 = kl__unwrap__I3i32E__3OptI3i32E_3i32( kl_s_21.kl_value_38, 0 );
    kl_t24 = kl_t23 != 9;
    if ( kl_t24 ) goto bb13; else goto bb14;
    bb13:
#line 117 "codegen/generics_enums.kl"
    kl_t0 = 7;
    return kl_t0;
    bb14:
#line 122 "codegen/generics_enums.kl"
    kl_bx_25.kl_v_5 = 5;
#line 124 "codegen/generics_enums.kl"
    kl_t27.tag = 0;
    kl_t27.kl_b_27 = kl_bx_25;
    kl_w_26 = kl_t27;
    goto bb15;
    bb15:
#line 128 "codegen/generics_enums.kl"
    kl_held_28 = kl_w_26.kl_b_27;
#line 129 "codegen/generics_enums.kl"
    kl_t29 = kl_held_28.kl_v_5 != 5;
    if ( kl_t29 ) goto bb16; else goto bb17;
    bb16:
#line 131 "codegen/generics_enums.kl"
    kl_t0 = 8;
    return kl_t0;
    bb17:
#line 138 "codegen/generics_enums.kl"
    kl_t31.tag = 0;
    kl_t31.kl_first_50 = 2;
    kl_t31.kl_second_52 = 1.5;
    kl_pair_30 = kl_t31;
    goto bb18;
    bb18:
#line 142 "codegen/generics_enums.kl"
    kl_first_32 = kl_pair_30.kl_first_50;
    kl_second_33 = kl_pair_30.kl_second_52;
#line 143 "codegen/generics_enums.kl"
    kl_t34 = kl_first_32 != 2;
    if ( kl_t34 ) goto bb19; else goto bb20;
    bb19:
#line 145 "codegen/generics_enums.kl"
    kl_t0 = 9;
    return kl_t0;
    bb20:
#line 148 "codegen/generics_enums.kl"
    kl_t35 = kl_second_33 < 1.4;
    if ( kl_t35 ) goto bb21; else goto bb22;
    bb21:
#line 150 "codegen/generics_enums.kl"
    kl_t0 = 10;
    return kl_t0;
    bb22:
#line 156 "codegen/generics_enums.kl"
    kl_t36 = 30 + kl_s_21.kl_tag_40;
    kl_t37 = kl__unwrap__I3i32E__3OptI3i32E_3i32( kl_a_2, 0 );
    kl_t38 = kl_t36 + kl_t37;
    kl_t39 = kl_t38 + 2;
    kl_t0 = kl_t39;
    return kl_t0;
}

int32_t kl__unwrap__I3i32E__3OptI3i32E_3i32( struct kl__Opt__I3i32E kl_o_1, int32_t kl_fallback_2 )
{
    int32_t kl_t0;
    bool kl_t3;
    int32_t kl_v_4;
#line 54 "codegen/generics_enums.kl"
    kl_t3 = kl_o_1.tag == 1;
    if ( kl_t3 ) goto bb1; else goto bb2;
    bb1:
    kl_v_4 = kl_o_1.kl_v_16;
#line 55 "codegen/generics_enums.kl"
    kl_t0 = kl_v_4;
    return kl_t0;
    bb2:
#line 57 "codegen/generics_enums.kl"
    kl_t0 = kl_fallback_2;
    return kl_t0;
}

double kl__unwrap__I3f64E__3OptI3f64E_3f64( struct kl__Opt__I3f64E kl_o_1, double kl_fallback_2 )
{
    double kl_t0;
    bool kl_t3;
    double kl_v_4;
#line 54 "codegen/generics_enums.kl"
    kl_t3 = kl_o_1.tag == 1;
    if ( kl_t3 ) goto bb1; else goto bb2;
    bb1:
    kl_v_4 = kl_o_1.kl_v_16;
#line 55 "codegen/generics_enums.kl"
    kl_t0 = kl_v_4;
    return kl_t0;
    bb2:
#line 57 "codegen/generics_enums.kl"
    kl_t0 = kl_fallback_2;
    return kl_t0;
}

int main( void )
{
    return (int) kl__main__();
}
