#include <stdint.h>
#include <stdbool.h>
#include <stddef.h>

int32_t kl__takes_u8__u8( uint8_t );
int32_t kl__main__( void );

int32_t kl__takes_u8__u8( uint8_t kl_v_1 )
{
    int32_t kl_t0;
#line 4 "codegen/literal_context.kl"
    kl_t0 = 0;
    return kl_t0;
}

int32_t kl__main__( void )
{
    int32_t kl_t0;
    float kl_a_1;
    float kl_t2;
    double kl_b_3;
    double kl_t4;
    double kl_c_5;
    float kl_d_6;
    float kl_e_7;
    float kl_f_8;
    float kl_t9;
    float kl_g_10;
    float kl_t11;
    uint8_t kl_h_12;
    uint8_t kl_i_13;
    uint8_t kl_t14;
    uint64_t kl_j_15;
    uint64_t kl_k_16;
    uint64_t kl_t17;
    bool kl_l_18;
    bool kl_t19;
    int32_t kl_m_20;
    int32_t kl_t21;
    int32_t kl_t22;
    uint8_t kl_n_23;
    uint8_t kl_o_24;
    uint8_t kl_t25;
    int32_t kl_p_26;
    int32_t kl_t27;
    uint16_t kl_q_28;
    bool kl_t29;
    int32_t kl_t30;
    bool kl_t31;
    bool kl_t32;
    bool kl_t33;
    bool kl_t34;
    bool kl_t35;
    float kl_t36;
    bool kl_t37;
    int32_t kl_t38;
    int32_t kl_t39;
    int32_t kl_t40;
    int32_t kl_t41;
    int32_t kl_t42;
    int32_t kl_t43;
#line 8 "codegen/literal_context.kl"
    kl_t2 = -1.5;
    kl_a_1 = kl_t2;
#line 9 "codegen/literal_context.kl"
    kl_t4 = -1.5;
    kl_b_3 = kl_t4;
#line 10 "codegen/literal_context.kl"
    kl_c_5 = 1.0;
#line 11 "codegen/literal_context.kl"
    kl_d_6 = 2.0;
#line 13 "codegen/literal_context.kl"
    kl_e_7 = 1.0;
#line 14 "codegen/literal_context.kl"
    kl_t9 = kl_e_7 + 1.5;
    kl_f_8 = kl_t9;
#line 15 "codegen/literal_context.kl"
    kl_t11 = kl_e_7 * 2.0;
    kl_g_10 = kl_t11;
#line 17 "codegen/literal_context.kl"
    kl_h_12 = 97;
#line 18 "codegen/literal_context.kl"
    kl_t14 = 97 + 1;
    kl_i_13 = kl_t14;
#line 20 "codegen/literal_context.kl"
    kl_j_15 = 1;
#line 21 "codegen/literal_context.kl"
    kl_t17 = kl_j_15 << 40;
    kl_k_16 = kl_t17;
#line 23 "codegen/literal_context.kl"
    kl_t19 = !true;
    kl_l_18 = kl_t19;
#line 24 "codegen/literal_context.kl"
    kl_t21 = -5;
    kl_t22 = -kl_t21;
    kl_m_20 = kl_t22;
#line 26 "codegen/literal_context.kl"
    kl_n_23 = 200;
#line 27 "codegen/literal_context.kl"
    kl_t25 = kl_n_23 - 1;
    kl_o_24 = kl_t25;
#line 29 "codegen/literal_context.kl"
    kl_t27 = kl__takes_u8__u8( 3 );
    kl_p_26 = kl_t27;
#line 30 "codegen/literal_context.kl"
    kl_q_28 = 1;
#line 31 "codegen/literal_context.kl"
    kl_q_28 = kl_q_28 + 1;
#line 33 "codegen/literal_context.kl"
    kl_t29 = kl_q_28 != 2;
    if ( kl_t29 ) goto bb1; else goto bb2;
    bb1:
    kl_t0 = 90;
    return kl_t0;
    bb2:
    goto bb3;
    bb3:
#line 34 "codegen/literal_context.kl"
    kl_t30 = -1;
    kl_t31 = kl_t30 >= 0;
    if ( kl_t31 ) goto bb4; else goto bb5;
    bb4:
    kl_t0 = 91;
    return kl_t0;
    bb5:
    goto bb6;
    bb6:
#line 41 "codegen/literal_context.kl"
    kl_t32 = kl_c_5 != 1.0;
    if ( kl_t32 ) goto bb7; else goto bb8;
    bb7:
    kl_t0 = 10;
    return kl_t0;
    bb8:
    goto bb9;
    bb9:
#line 42 "codegen/literal_context.kl"
    kl_t33 = kl_d_6 != 2.0;
    if ( kl_t33 ) goto bb10; else goto bb11;
    bb10:
    kl_t0 = 11;
    return kl_t0;
    bb11:
    goto bb12;
    bb12:
#line 43 "codegen/literal_context.kl"
    kl_t34 = kl_g_10 != 2.0;
    if ( kl_t34 ) goto bb13; else goto bb14;
    bb13:
    kl_t0 = 12;
    return kl_t0;
    bb14:
    goto bb15;
    bb15:
#line 44 "codegen/literal_context.kl"
    kl_t35 = kl_f_8 != 2.5;
    if ( kl_t35 ) goto bb16; else goto bb17;
    bb16:
    kl_t0 = 13;
    return kl_t0;
    bb17:
    goto bb18;
    bb18:
#line 45 "codegen/literal_context.kl"
    kl_t36 = -1.5;
    kl_t37 = kl_a_1 != kl_t36;
    if ( kl_t37 ) goto bb19; else goto bb20;
    bb19:
    kl_t0 = 14;
    return kl_t0;
    bb20:
    goto bb21;
    bb21:
#line 47 "codegen/literal_context.kl"
    kl_t38 = ( int32_t ) kl_h_12;
    kl_t39 = ( int32_t ) kl_i_13;
    kl_t40 = kl_t38 + kl_t39;
    kl_t41 = ( int32_t ) kl_o_24;
    kl_t42 = kl_t40 + kl_t41;
    kl_t43 = kl_t42 + kl_m_20;
    kl_t0 = kl_t43;
    return kl_t0;
}

int main( void )
{
    return (int) kl__main__();
}
