#include <stdint.h>
#include <stdbool.h>
#include <stddef.h>

struct kl__Point;

struct kl__Point
{
    int32_t kl_x_1;
    int32_t kl_y_3;
};

void kl__divide__3i32_3i32_P3i32_P3i32( int32_t, int32_t, int32_t*, int32_t* );
void kl__classify__3i32_P3i32( int32_t, int32_t* );
void kl__build__3i32_P5Point( int32_t, struct kl__Point* );
void kl__forward__P3i32( int32_t* );
void kl__init__P3i32( int32_t* );
int32_t kl__main__( void );

void kl__divide__3i32_3i32_P3i32_P3i32( int32_t kl_a_1, int32_t kl_b_2, int32_t* kl_quotient_3, int32_t* kl_remainder_4 )
{
    int32_t kl_t5;
    int32_t kl_t6;
    int32_t kl_t7;
#line 12 "codegen/out_parameters.kl"
    kl_t5 = kl_a_1 / kl_b_2;
    ( *kl_quotient_3 ) = kl_t5;
#line 13 "codegen/out_parameters.kl"
    kl_t6 = ( *kl_quotient_3 ) * kl_b_2;
    kl_t7 = kl_a_1 - kl_t6;
    ( *kl_remainder_4 ) = kl_t7;
    return;
}

void kl__classify__3i32_P3i32( int32_t kl_n_1, int32_t* kl_sign_2 )
{
    bool kl_t3;
#line 20 "codegen/out_parameters.kl"
    kl_t3 = kl_n_1 < 0;
    if ( kl_t3 ) goto bb1; else goto bb2;
    bb1:
#line 22 "codegen/out_parameters.kl"
    ( *kl_sign_2 ) = 0;
    goto bb3;
    bb2:
#line 26 "codegen/out_parameters.kl"
    ( *kl_sign_2 ) = 7;
    goto bb3;
    bb3:
    return;
}

void kl__build__3i32_P5Point( int32_t kl_seed_1, struct kl__Point* kl_p_2 )
{
    int32_t kl_t3;
#line 32 "codegen/out_parameters.kl"
    ( *kl_p_2 ).kl_x_1 = kl_seed_1;
#line 33 "codegen/out_parameters.kl"
    kl_t3 = kl_seed_1 + 1;
    ( *kl_p_2 ).kl_y_3 = kl_t3;
    return;
}

void kl__forward__P3i32( int32_t* kl_n_1 )
{
    int32_t* kl_t2;
#line 40 "codegen/out_parameters.kl"
    kl_t2 = &( *kl_n_1 );
    kl__init__P3i32( kl_t2 );
    return;
}

void kl__init__P3i32( int32_t* kl_n_1 )
{
#line 45 "codegen/out_parameters.kl"
    ( *kl_n_1 ) = 3;
    return;
}

int32_t kl__main__( void )
{
    int32_t kl_t0;
    int32_t kl_q_1;
    int32_t kl_r_2;
    int32_t* kl_t3;
    int32_t* kl_t4;
    int32_t kl_sign_6;
    int32_t* kl_t7;
    struct kl__Point kl_v_9;
    struct kl__Point kl_t10;
    struct kl__Point* kl_t11;
    int32_t kl_f_13;
    int32_t* kl_t14;
    int32_t kl_t16;
    int32_t kl_t17;
    int32_t kl_t18;
    int32_t kl_t19;
    int32_t kl_t20;
#line 50 "codegen/out_parameters.kl"
    kl_q_1 = 0;
#line 51 "codegen/out_parameters.kl"
    kl_r_2 = 0;
#line 53 "codegen/out_parameters.kl"
    kl_t3 = &kl_q_1;
    kl_t4 = &kl_r_2;
    kl__divide__3i32_3i32_P3i32_P3i32( 17, 5, kl_t3, kl_t4 );
#line 55 "codegen/out_parameters.kl"
    kl_sign_6 = 0;
#line 57 "codegen/out_parameters.kl"
    kl_t7 = &kl_sign_6;
    kl__classify__3i32_P3i32( 1, kl_t7 );
#line 59 "codegen/out_parameters.kl"
    kl_t10.kl_x_1 = 0;
    kl_t10.kl_y_3 = 0;
    kl_v_9 = kl_t10;
#line 61 "codegen/out_parameters.kl"
    kl_t11 = &kl_v_9;
    kl__build__3i32_P5Point( 10, kl_t11 );
#line 63 "codegen/out_parameters.kl"
    kl_f_13 = 0;
#line 65 "codegen/out_parameters.kl"
    kl_t14 = &kl_f_13;
    kl__forward__P3i32( kl_t14 );
#line 67 "codegen/out_parameters.kl"
    kl_t16 = kl_q_1 + kl_r_2;
    kl_t17 = kl_t16 + kl_sign_6;
    kl_t18 = kl_t17 + kl_v_9.kl_x_1;
    kl_t19 = kl_t18 + kl_v_9.kl_y_3;
    kl_t20 = kl_t19 + kl_f_13;
    kl_t0 = kl_t20;
    return kl_t0;
}

int main( void )
{
    return (int) kl__main__();
}
