#include <stdint.h>
#include <stdbool.h>
#include <stddef.h>

#include "prelude_types.kl.prelude.c"

struct kl__Named;

typedef uint64_t ( *kl__fn__FPQ7prelude3strE3u64 )( struct kl_7prelude_str* );

struct kl__Named
{
    struct kl_7prelude_str kl_name_1;
    uint64_t kl_id_3;
};

uint64_t kl__size_of__PQ7prelude3str( struct kl_7prelude_str* );
uint64_t kl__through__P5Named_FPQ7prelude3strE3u64( struct kl__Named*, kl__fn__FPQ7prelude3strE3u64 );
int32_t kl__main__( void );

uint64_t kl__size_of__PQ7prelude3str( struct kl_7prelude_str* kl_s_1 )
{
    uint64_t kl_t0;
#line 12 "codegen/prelude_types.kl"
    kl_t0 = ( *kl_s_1 ).kl_size_51;
    return kl_t0;
}

uint64_t kl__through__P5Named_FPQ7prelude3strE3u64( struct kl__Named* kl_n_1, kl__fn__FPQ7prelude3strE3u64 kl_f_2 )
{
    uint64_t kl_t0;
    struct kl_7prelude_str* kl_t3;
    uint64_t kl_t4;
#line 17 "codegen/prelude_types.kl"
    kl_t3 = &( *kl_n_1 ).kl_name_1;
    kl_t4 = kl_f_2( kl_t3 );
    kl_t0 = kl_t4;
    return kl_t0;
}

int32_t kl__main__( void )
{
    int32_t kl_t0;
#line 22 "codegen/prelude_types.kl"
    kl_t0 = 0;
    return kl_t0;
}

int main( void )
{
    return (int) kl__main__();
}
