Int_literal            1:1-1:2      "0"
Int_literal            2:1-2:3      "42"
Int_literal            3:1-3:5      "0xFF"
Int_literal            4:1-4:8      "0xff_ff"
Int_literal            5:1-5:7      "0b1010"
Int_literal            6:1-6:6      "1_000"
Int_literal            7:1-7:10     "1'000'000"
Float_literal          8:1-8:4      "1.5"
Float_literal          9:1-9:5      "1e10"
Float_literal          10:1-10:7    "1.5e-3"
Float_literal          11:1-11:5    "2E+8"
String_literal         12:1-12:3    "\"\""
String_literal         13:1-13:8    "\"hello\""
String_literal         14:1-14:7    "\"a\\\"b\""
String_literal         15:1-15:21   "\"\\n\\t\\r\\0\\\\\\\"\\'\\x41\""
Char_literal           16:1-16:4    "'a'"
Char_literal           17:1-17:5    "'\\n'"
Char_literal           18:1-18:5    "'\\''"
End_of_file            19:1-19:1    ""
